plugin_register functions/edit_distance
[[0,0.0,0.0],true]
table_create Tags TABLE_PAT_KEY ShortText UInt32
[[0,0.0,0.0],true]
load --table Tags
[
{"_key": "Groonga"}
]
[[0,0.0,0.0],1]
select Tags --output_columns 'damerau_edit_distance("abc", "abd")' --limit 1 --command_version 2
[[0,0.0,0.0],[[[1],[["damerau_edit_distance","Object"]],[1.0]]]]
